[22:29:33] [Test worker/INFO]: Created default config.toml at C:\Users\thund\AppData\Local\Temp\junit3523583941280996814\config\Pokeblocks\config.toml
[22:29:33] [Test worker/INFO]: [ConfigSync] Extracted default doll_rarity.json
[22:29:33] [Test worker/INFO]: [ConfigSync] Extracted default figurine_names.json
[22:29:33] [Test worker/INFO]: [ConfigSync] Extracted default figurine_tags.json
[22:29:33] [Test worker/INFO]: [ConfigSync] Extracted default rarity_weights.json
[22:29:33] [Test worker/INFO]: [ConfigSync] Extracted default loot_groups.json
[22:29:33] [Test worker/INFO]: Created default config.toml at C:\Users\thund\AppData\Local\Temp\junit15386053470535067010\config\Pokeblocks\config.toml
[22:29:33] [Test worker/INFO]: [ConfigSync] Extracted default doll_rarity.json
[22:29:33] [Test worker/INFO]: [ConfigSync] Extracted default figurine_names.json
[22:29:33] [Test worker/INFO]: [ConfigSync] Extracted default figurine_tags.json
[22:29:33] [Test worker/INFO]: [ConfigSync] Extracted default rarity_weights.json
[22:29:33] [Test worker/INFO]: [ConfigSync] Extracted default loot_groups.json
[22:29:33] [Test worker/INFO]: [ConfigSync] Updated doll_rarity.json (+1 new, ~0 changed)
[22:29:33] [Test worker/INFO]: Created default config.toml at C:\Users\thund\AppData\Local\Temp\junit6490597416969498208\config\Pokeblocks\config.toml
[22:29:33] [Test worker/INFO]: [ConfigSync] Extracted default doll_rarity.json
[22:29:33] [Test worker/INFO]: [ConfigSync] Extracted default figurine_names.json
[22:29:33] [Test worker/INFO]: [ConfigSync] Extracted default figurine_tags.json
[22:29:33] [Test worker/INFO]: [ConfigSync] Extracted default rarity_weights.json
[22:29:33] [Test worker/INFO]: [ConfigSync] Extracted default loot_groups.json
[22:29:33] [Test worker/INFO]: Created default config.toml at C:\Users\thund\AppData\Local\Temp\junit3063840097434902306\config\Pokeblocks\config.toml
[22:29:33] [Test worker/INFO]: [ConfigSync] Extracted default doll_rarity.json
[22:29:33] [Test worker/INFO]: [ConfigSync] Extracted default figurine_names.json
[22:29:33] [Test worker/INFO]: [ConfigSync] Extracted default figurine_tags.json
[22:29:33] [Test worker/INFO]: [ConfigSync] Extracted default rarity_weights.json
[22:29:33] [Test worker/INFO]: [ConfigSync] Extracted default loot_groups.json
[22:29:33] [Test worker/WARN]: [ConfigSync] auto_update_configs = overwrite: managed config files will be reset to the mod defaults (backups kept in .sync/backups). Use 'merge' to keep your customizations.
[22:29:33] [Test worker/INFO]: [ConfigSync] Overwrote doll_rarity.json with the bundled default
[22:29:33] [Test worker/INFO]: Created default config.toml at C:\Users\thund\AppData\Local\Temp\junit4286416127359021963\config\Pokeblocks\config.toml
[22:29:33] [Test worker/INFO]: [ConfigSync] Extracted default doll_rarity.json
[22:29:33] [Test worker/INFO]: [ConfigSync] Extracted default figurine_names.json
[22:29:33] [Test worker/INFO]: [ConfigSync] Extracted default figurine_tags.json
[22:29:33] [Test worker/INFO]: [ConfigSync] Extracted default rarity_weights.json
[22:29:33] [Test worker/INFO]: [ConfigSync] Extracted default loot_groups.json
[22:29:33] [Test worker/INFO]: Created default config.toml at C:\Users\thund\AppData\Local\Temp\junit14635296944171666222\config\Pokeblocks\config.toml
[22:29:33] [Test worker/INFO]: Loaded 2 acquisition divisor(s)
[22:29:33] [Test worker/INFO]: Copied default rarity_acquisition_divisors.json to C:\Users\thund\AppData\Local\Temp\junit14635296944171666222\config\Pokeblocks\rarity_acquisition_divisors.json
[22:29:33] [Test worker/INFO]: Loaded 2 acquisition divisor(s)
[22:29:33] [Test worker/INFO]: Created default config.toml at C:\Users\thund\AppData\Local\Temp\junit15968876890778740389\config\Pokeblocks\config.toml
[22:29:33] [Test worker/INFO]: [ConfigSync] Extracted default doll_rarity.json
[22:29:33] [Test worker/INFO]: [ConfigSync] Extracted default figurine_names.json
[22:29:33] [Test worker/INFO]: [ConfigSync] Extracted default figurine_tags.json
[22:29:33] [Test worker/INFO]: [ConfigSync] Extracted default rarity_weights.json
[22:29:33] [Test worker/INFO]: [ConfigSync] Extracted default loot_groups.json
[22:29:33] [Test worker/INFO]: [ConfigSync] auto_update_configs = off: config files are not auto-updated. Run "/pokeblocks config sync" after a mod update to pull new content.
[22:29:33] [Test worker/INFO]: [ConfigSync] Updated doll_rarity.json (+1 new, ~0 changed)
